#!/bin/bash
set -uo pipefail

# One-shot event wrapper (#3164). The orchestrator spawns this wrapper
# once per actionable BRC event (``EGG_EVENT_ACTION`` injected); the
# helper functions below are shared by the one-shot event handler
# appended at the end. No blocking wait-loop and no background heartbeat:
# the orchestrator owns all waiting.

cw_log() {
    echo "[event-pump] $*" >&2
}

# Emit one heartbeat. The CLI's ``message heartbeat`` handler auto-
# attaches ``slice_id`` from ``$EGG_SLICE_ID`` via
# ``_maybe_attach_slice_id`` in
# ``sandbox/egg_agent_tools/handlers/_gateway.py``. The one-shot event
# handler emits a single foreground ping (no background emitter) so the
# slice-5 silent-mid-event tripwire keys on heartbeats from an active
# one-shot pod. We also echo the slice tag in the ``--body`` so a
# snapshot test can grep for the slice_id propagation without
# intercepting the HTTP POST.
emit_heartbeat() {
    local state="$1"
    local body_text="$2"
    local slice_tag="${EGG_SLICE_ID:-none}"
    timeout 5 egg-orch message heartbeat \
        --state "$state" \
        --body "$body_text (slice=$slice_tag)" \
        >/dev/null 2>&1 || true
}

# Ask the orchestrator route what to do next. Returns a JSON document
# with ``action`` ('wait'|'propose'|'ack'|'nack'|'confirm'|'complete')
# and an optional ``event_payload``. The one-shot handler uses this once
# as a stale-event freshness re-check before invoking the agent.
#
# HTTP 409 from the route (409 stale_version, 409 aggregated-NACK
# barrier) is a signal, not a crash: the CLI surfaces it as a non-zero
# exit code with an empty/invalid JSON. We fall back to
# ``{"action":"wait"}`` and propagate the original ``rc`` so the
# one-shot handler can tell an inconclusive re-check (exit 75) from a
# positively-derived action.
fetch_next_action() {
    local out rc
    out=$(egg-orch brc next-action --role "${EGG_AGENT_ROLE:-unknown}" --json 2>/dev/null)
    rc=$?
    if [ "$rc" -eq 0 ] && [ -n "$out" ]; then
        echo "$out"
        return 0
    fi
    # The CLI returns non-zero for any of: 409 stale_version, 409
    # aggregated-NACK barrier, 5xx, transport failure. Log it so
    # operators reading wrapper logs can distinguish "orchestrator
    # returned 409" (benign, expected) from "transport unreachable"
    # (worth checking). We always echo the fallback JSON so the parser
    # doesn't crash, and propagate the original ``rc`` as the function's
    # exit code (the caller reads ``$?`` after the ``$(...)`` capture).
    cw_log "brc next-action returned rc=$rc / empty body; falling back to {\"action\":\"wait\"}."
    echo '{"action":"wait"}'
    return "$rc"
}

# Extract a top-level scalar field from a next-action JSON document.
# Nested objects (event_payload) are re-serialised as JSON so the
# bash caller can pass them downstream verbatim.
next_action_field() {
    local action_json="$1"
    local field="$2"
    echo "$action_json" | python3 -c "
import sys, json
field = sys.argv[1]
try:
    d = json.load(sys.stdin)
except Exception:
    print(''); sys.exit(0)
v = d.get(field)
if isinstance(v, (dict, list)):
    print(json.dumps(v))
elif v is None:
    print('')
else:
    print(v)
" "$field" 2>/dev/null || echo ""
}

# Invoke the agent one-shot with the per-event prompt. Slice-3
# (TASK-3-1 / TASK-3-2) replaces the slice-2 stub with the full
# ``compose_event_prompt`` payload: memory excerpt (when
# ``EGG_BRC_MEMORY=full``) + per-producer
# ``git log {sha}..HEAD --not origin/{base} -p`` delta + NACK
# payload + the contract's ``task_description`` (#3123, read from the
# worktree contract file via the pod-inherited ``EGG_PIPELINE_ID`` /
# ``EGG_ISSUE_NUMBER``). The composer lives at
# ``/opt/egg-runtime/orchestrator/routes/event_prompt.py`` -- the
# wrapper invokes its ``if __name__ == '__main__'`` CLI directly so the
# heavy ``orchestrator.routes`` package ``__init__.py`` (Flask import)
# is bypassed. ``EGG_EVENT_PROMPT_SCRIPT`` overrides the path for tests.
#
# When the composer fails (script missing, malformed memory file, git
# log subprocess crash) we fall back to the slice-2 minimal stub so the
# event-pump keeps running rather than failing the agent invocation.
# This is symmetric with the rest of the wrapper's "block, alert,
# continue" stance under the idle-budget safety net.
invoke_agent_for_event() {
    local action="$1"
    local event_payload="$2"
    local role="${EGG_AGENT_ROLE:-unknown}"
    local slice="${EGG_SLICE_ID:-none}"
    local base_branch="${EGG_BASE_BRANCH:-main}"
    local script_path="${EGG_EVENT_PROMPT_SCRIPT:-/opt/egg-runtime/orchestrator/routes/event_prompt.py}"
    local prompt prompt_rc=1

    if [ -r "$script_path" ]; then
        # Pass the event_payload JSON via stdin so shell metacharacters
        # ($VAR, backticks, ;, &&) don't fall through to argv (the
        # #2741 / slice-5 motivating concern; even though this argv is
        # composed entirely by the wrapper here, the stdin path keeps
        # the surface honest and matches the slice-5 prose-arg rule).
        # All four env vars (``EGG_AGENT_ROLE`` / ``EGG_BASE_BRANCH`` /
        # ``EGG_REPO_PATH`` / ``EGG_BRC_MEMORY``) are read by the script
        # from env directly. The prefix MUST attach to ``python3`` (RHS),
        # not ``printf`` (LHS) -- the earlier form attached only to
        # ``printf`` and ``python3`` inherited from the parent shell.
        # ``EGG_REPO_PATH`` is re-exported explicitly here
        # (reviewer_holistic v2 #2): the script falls back to
        # ``os.getcwd()`` when unset, but propagating the
        # orchestrator-set value keeps the wrapper symmetric and immune
        # to an unset-in-parent edge case. Capture stderr to a temp
        # file so the cw_log fallback surfaces the first line of the
        # failure (script-not-found vs schema-drift vs crash otherwise
        # indistinguishable).
        local err_tmp
        err_tmp=$(mktemp -t event-prompt-stderr.XXXXXX 2>/dev/null || echo "/tmp/event-prompt-stderr-$$.log")
        prompt=$(printf '%s' "$event_payload" \
            | EGG_AGENT_ROLE="$role" \
                EGG_BASE_BRANCH="$base_branch" \
                EGG_REPO_PATH="${EGG_REPO_PATH:-$PWD}" \
                EGG_BRC_MEMORY="${EGG_BRC_MEMORY:-full}" \
                python3 "$script_path" "$action" 2>"$err_tmp")
        prompt_rc=$?
    fi

    if [ "$prompt_rc" -ne 0 ] || [ -z "$prompt" ]; then
        # Fallback prompt -- keep the event-pump moving rather than
        # failing the agent invocation when the composer is unavailable
        # (script missing, schema drift, transient git log failure).
        # The idle-budget safety net catches a wedged event-pump even
        # under a degraded composer; failing here would defeat that.
        local err_head=""
        if [ -n "${err_tmp:-}" ] && [ -r "$err_tmp" ]; then
            err_head=$(head -1 "$err_tmp" 2>/dev/null)
        fi
        if [ -n "$err_head" ]; then
            cw_log "compose_event_prompt unavailable (rc=$prompt_rc, stderr: $err_head); using slice-2 stub prompt."
        else
            cw_log "compose_event_prompt unavailable (rc=$prompt_rc); using slice-2 stub prompt."
        fi
        prompt=$(printf 'BRC event-pump handler\nRole: %s\nSlice: %s\nAction: %s\nEvent payload (JSON): %s\n\nHandle this single event according to the role contract, update durable BRC memory, then exit naturally. The wrapper will invoke you again with the next event.\n' \
            "$role" "$slice" "$action" "$event_payload")
    fi
    # Best-effort cleanup of the stderr capture file. The trap on the
    # outer wrapper handles SIGTERM cleanup; this cleanup keeps a busy
    # event-pump from accumulating stale per-invocation temp files.
    if [ -n "${err_tmp:-}" ] && [ -e "$err_tmp" ]; then
        rm -f "$err_tmp" 2>/dev/null || true
    fi
    # #3077 slice-1 task-1-1: prepend any sync-to-proposal failure
    # banners the prior ``sync_to_proposals`` accumulated so the agent
    # learns that its worktree may not reflect the producer's commit
    # BEFORE it reads any local diff. The common (no-failure) path
    # leaves ``SYNC_FAILURE_BANNERS`` empty so the prompt handed to the
    # agent is byte-identical to the slice-0 prompt. Re-clear after
    # consumption so a subsequent ``propose`` arm (which intentionally
    # skips the sync per R11a) can never inherit stale banners.
    if [ -n "${SYNC_FAILURE_BANNERS:-}" ]; then
        prompt="${SYNC_FAILURE_BANNERS}${prompt}"
        SYNC_FAILURE_BANNERS=""
    fi
    python3 -m egg_agent --model opus --max-turns 1000 "$prompt"
}

# Sync-to-proposal (#3076 / #3077 clause 2): before a review invocation
# (ack/nack), merge each pending producer's proposed commit into this
# reviewer's worktree so reviewers that must RUN the proposal (tester)
# have a real checkout. This is deterministic wrapper bash replacing
# the fetch/merge prose that previously lived in spawn prompts the
# event pump provably discards (#3033). Fail-soft at every step: an
# unresolvable SHA, a conflicting merge, or a dirty tree logs and
# continues — the per-event prompt's `git show <sha>:<path>` reads
# (#3078) work from the shared object store either way, so the agent
# is never blocked on this sync succeeding.
#
# NB: ``git merge --no-edit`` produces a real merge commit (or fast-
# forwards) — HEAD advances and is NOT reset between events. Two
# durable side effects follow:
#   - Dual-role agents (e.g. tester acting as producer-then-reviewer-
#     then-producer): a subsequent producer turn commits on top of an
#     ancestry that contains peer proposal commits. The producer arm
#     (R11a, see the dispatcher below) intentionally skips the sync,
#     but it does NOT un-merge syncs from prior reviewer arms.
#   - Multiple producers per event: SHAs are merged sequentially. A
#     conflict on the second SHA aborts that merge but leaves the
#     first merge intact on HEAD.
# Neither is wrong — the per-event-prompt ``git show <sha>:<path>``
# fallback covers the failure path either way — but this is durable
# HEAD mutation, not transient enrichment.
# Per-event accumulator for sync-to-proposal failure banners
# (#3077 slice-1 task-1-1). Reset at the top of every
# ``sync_to_proposals`` call; appended to per failed SHA; consumed
# (and re-cleared) by ``invoke_agent_for_event`` which prepends the
# accumulated banner text to the composed event prompt BEFORE handing
# it to the agent. The default empty value keeps the
# ``merged``/``already-ancestor`` (no-failure) path byte-identical to
# the slice-0 prompt — the prepend is a no-op when this variable is
# empty.
SYNC_FAILURE_BANNERS=""

sync_to_proposals() {
    # #3216 (WS1 of #3209): only reviewers that EXECUTE the proposal (run
    # the test suite / build against the merged tree) need a working-tree
    # merge. Every other reviewer reads peer artifacts via this prompt's
    # ``git show`` / ``egg-artifact`` served reads, so merging the peer's
    # *whole* tree into their worktree buys nothing and risks the dual-role
    # criss-cross propagation that corrupts shared drafts (#3208: a reviewer
    # arm merges a peer's plan.md, a later producer turn commits on top, and
    # the cross-merged lineages spawn spurious conflicts / a rebase-mangled
    # yaml fence / a "File modified since read" livelock). Allowed roles are
    # rendered from ``REVIEWER_CHECKOUT_ROLE_VALUES``; default-deny so an
    # unset/unknown role reads via git-show (the safe, non-replicating side).
    local _role="${EGG_AGENT_ROLE:-}"
    case " tester " in
        *" $_role "*) : ;;  # role runs the proposal; a real merged checkout is required
        *)
            SYNC_FAILURE_BANNERS=""
            cw_log "sync-to-proposal: role=$_role reads peer artifacts via git-show/egg-artifact; skipping working-tree merge (#3216)."
            return 0
            ;;
    esac
    local event_payload="$1"
    local repo="${EGG_REPO_PATH:-$PWD}"
    local shas sha
    # Reset the per-event failure accumulator at the top of each call
    # so banners from a prior event never leak into the next prompt.
    SYNC_FAILURE_BANNERS=""
    # Extract pending_reviews[].proposal_commit_sha, strictly hex-
    # validated (7-64 chars) before any git interpolation. The payload
    # is orchestrator-composed, but the producer-supplied SHA rides
    # through it, so revalidate at the consumer — same stance as
    # event_prompt.py's _extract_proposal_sha_for_producer. The
    # ProposalPayload writer-side check also admits non-hex sentinels
    # like RECONSTRUCTED_NO_SHA; the hex requirement here filters those
    # out (there is nothing to merge for a reconstructed proposal).
    shas=$(printf '%s' "$event_payload" | python3 -c "
import sys, json, re
try:
    d = json.load(sys.stdin)
except Exception:
    sys.exit(0)
pat = re.compile(r'[0-9a-fA-F]{7,64}')
out = []
for pr in (d.get('pending_reviews') or []):
    if not isinstance(pr, dict):
        continue
    sha = str(pr.get('proposal_commit_sha') or '')
    if pat.fullmatch(sha) and sha not in out:
        out.append(sha)
print('\n'.join(out))
" 2>/dev/null)
    [ -z "$shas" ] && return 0
    while IFS= read -r sha; do
        [ -z "$sha" ] && continue
        if ! git -C "$repo" cat-file -e "$sha^{commit}" 2>/dev/null; then
            # Per-role worktrees share the host repo's object store, so
            # the SHA normally resolves without network; a best-effort
            # fetch covers split-object-store runtimes.
            git -C "$repo" fetch --quiet origin >/dev/null 2>&1 || true
        fi
        if ! git -C "$repo" cat-file -e "$sha^{commit}" 2>/dev/null; then
            cw_log "sync-to-proposal: $sha unresolvable in $repo; reviewer falls back to the prompt's git-show reads."
            cw_log "sync-to-proposal: outcome=unresolvable sha=$sha"
            # ``unresolvable`` failure: append a NOT-synced banner so
            # the agent treats its local diff as unreliable for this
            # SHA and falls back to the rendered ``git show`` commands.
            SYNC_FAILURE_BANNERS+="> **WARNING:** worktree NOT synced to \`$sha\` (\`unresolvable\`); treat your local diff as unreliable — use the rendered \`git log\` / \`git show\` fallback commands in this prompt instead."$'\n\n'
            continue
        fi
        if git -C "$repo" merge-base --is-ancestor "$sha" HEAD 2>/dev/null; then
            cw_log "sync-to-proposal: outcome=already-ancestor sha=$sha"
            continue
        fi
        if git -C "$repo" merge --no-edit "$sha" >/dev/null 2>&1; then
            cw_log "sync-to-proposal: merged proposal commit $sha into the worktree."
            cw_log "sync-to-proposal: outcome=merged sha=$sha"
        else
            git -C "$repo" merge --abort >/dev/null 2>&1 || true
            cw_log "sync-to-proposal: merge of $sha failed (conflict or dirty tree); aborted — reviewer reads via git show instead."
            cw_log "sync-to-proposal: outcome=merge-failed sha=$sha"
            # ``merge-failed`` failure: same banner shape as
            # ``unresolvable`` so the agent learns NOT to trust the
            # local diff and falls back to ``git show``. The merge
            # was already aborted above so wrapper state is clean.
            SYNC_FAILURE_BANNERS+="> **WARNING:** worktree NOT synced to \`$sha\` (\`merge-failed\`); treat your local diff as unreliable — use the rendered \`git log\` / \`git show\` fallback commands in this prompt instead."$'\n\n'
        fi
    done <<< "$shas"
    return 0
}

# --- one-shot event handler (#3164) ------------------------------------
ONE_SHOT_ACTION="${EGG_EVENT_ACTION:-}"
if [ -z "$ONE_SHOT_ACTION" ]; then
    cw_log "FATAL: no EGG_EVENT_ACTION injected. Under the orchestrator-owned event loop (#3164) every agent pod is spawned one-shot per BRC event; a wrapper with no injected action is a caller bug. Refusing (exit 64)."
    exit 64
fi
cw_log "One-shot event handler engaged (action=$ONE_SHOT_ACTION, dedupe=${EGG_EVENT_DEDUPE_KEY:-none}, role=${EGG_AGENT_ROLE:-?}, slice=${EGG_SLICE_ID:-none})."

case "$ONE_SHOT_ACTION" in
    confirm|complete)
        # confirm/complete are agent-free and run orchestrator-side (no
        # pod is ever spawned for them). Reaching a wrapper with one
        # injected is a caller bug -- reject loudly.
        cw_log "FATAL: action=$ONE_SHOT_ACTION must run orchestrator-side with no pod and must never be injected into a wrapper. Refusing (exit 64)."
        exit 64
        ;;
    propose|ack|nack)
        : ;;
    *)
        cw_log "FATAL: unknown injected EGG_EVENT_ACTION='$ONE_SHOT_ACTION' (expected propose|ack|nack). Refusing (exit 64)."
        exit 64
        ;;
esac

# Single foreground liveness ping (no background emitter): the
# silent-mid-event tripwire keys on heartbeats from an active one-shot pod.
emit_heartbeat "WORKING" "one-shot event handler action=$ONE_SHOT_ACTION"

# Stale-event backstop: re-derive next-action ONCE. If consensus has moved
# on (derived action != injected event) this spawn is a duplicate/stale
# delivery -- exit 0 WITHOUT invoking the agent. The spawner dedupes on the
# derived event, but a race can still deliver a stale one; this is the
# in-pod backstop for that race.
ONE_SHOT_NEXT_JSON=$(fetch_next_action)
ONE_SHOT_FETCH_RC=$?
ONE_SHOT_DERIVED=$(next_action_field "$ONE_SHOT_NEXT_JSON" "action")
if [ "$ONE_SHOT_FETCH_RC" -ne 0 ]; then
    # The re-check itself did NOT cleanly succeed. ``fetch_next_action``
    # returns its ``{"action":"wait"}`` fallback on ANY non-zero rc (409
    # stale_version / aggregated-NACK barrier, 5xx, transport failure
    # alike), so we cannot distinguish a genuinely stale event from a
    # transient blip. Exiting 0 here would report a "clean handoff" and let
    # a transient blip silently DROP a live event. Instead exit 75
    # (EX_TEMPFAIL): a distinct code telling the orchestrator supervisor the
    # freshness re-check was inconclusive, so it must re-derive next-action
    # rather than treat the event as handled.
    cw_log "One-shot re-check did not cleanly succeed (fetch rc=$ONE_SHOT_FETCH_RC); cannot confirm event freshness. Exiting 75 (EX_TEMPFAIL) so the supervisor re-derives rather than assuming a clean handoff."
    exit 75
fi
if [ "$ONE_SHOT_DERIVED" != "$ONE_SHOT_ACTION" ]; then
    # Re-check succeeded and the live action has positively moved on: a
    # genuinely stale/duplicate delivery. exit 0 means "confirmed stale, no
    # agent needed" -- NOT "could not tell".
    cw_log "Injected event is stale (injected=$ONE_SHOT_ACTION, derived=${ONE_SHOT_DERIVED:-<none>}); exiting 0 without invoking the agent."
    exit 0
fi

# Use the freshly-derived event_payload (current truth) for the invocation.
# Reviewer arms (ack/nack) sync the pending proposal commits into the
# worktree first (#3076/#3077); the producer ``propose`` arm intentionally
# does not (R11a -- a producer's own commits are already on HEAD).
ONE_SHOT_PAYLOAD=$(next_action_field "$ONE_SHOT_NEXT_JSON" "event_payload")
if [ "$ONE_SHOT_ACTION" = "ack" ] || [ "$ONE_SHOT_ACTION" = "nack" ]; then
    sync_to_proposals "$ONE_SHOT_PAYLOAD"
fi

one_shot_start=$SECONDS
invoke_agent_for_event "$ONE_SHOT_ACTION" "$ONE_SHOT_PAYLOAD"
one_shot_rc=$?
one_shot_secs=$(( SECONDS - one_shot_start ))
cw_log "One-shot invocation done (action=$ONE_SHOT_ACTION, rc=$one_shot_rc, duration=${one_shot_secs}s); exiting with the agent rc."
# Exit-code contract for the orchestrator supervisor: 75/EX_TEMPFAIL is
# RESERVED for the inconclusive-re-check outcome above ("freshness could
# not be confirmed, re-derive next-action"). Agent passthrough rcs do not
# include 75, so the two meanings never collide.
exit "$one_shot_rc"
